Tylor was added
They are player number 1
Jhon was added
They are player number 2
Leandro was added
They are player number 3
Tylor is the current player
They have rolled a 6
Tylor's new location is 6
The category is Sports
Sports Question 0
Answer was corrent!!!!
Tylor now has 1 Gold Coins.
Jhon is the current player
They have rolled a 4
Jhon's new location is 4
The category is Pop
Pop Question 0
Answer was corrent!!!!
Jhon now has 1 Gold Coins.
Leandro is the current player
They have rolled a 6
Leandro's new location is 6
The category is Sports
Sports Question 1
Answer was corrent!!!!
Leandro now has 1 Gold Coins.
Tylor is the current player
They have rolled a 1
Tylor's new location is 7
The category is Rock
Rock Question 0
Answer was corrent!!!!
Tylor now has 2 Gold Coins.
Jhon is the current player
They have rolled a 1
Jhon's new location is 5
The category is Science
Science Question 0
Answer was corrent!!!!
Jhon now has 2 Gold Coins.
Leandro is the current player
They have rolled a 1
Leandro's new location is 7
The category is Rock
Rock Question 1
Answer was corrent!!!!
Leandro now has 2 Gold Coins.
Tylor is the current player
They have rolled a 5
Tylor's new location is 0
The category is Pop
Pop Question 1
Answer was corrent!!!!
Tylor now has 3 Gold Coins.
Jhon is the current player
They have rolled a 4
Jhon's new location is 9
The category is Science
Science Question 1
Answer was corrent!!!!
Jhon now has 3 Gold Coins.
Leandro is the current player
They have rolled a 6
Leandro's new location is 1
The category is Science
Science Question 2
Answer was corrent!!!!
Leandro now has 3 Gold Coins.
Tylor is the current player
They have rolled a 1
Tylor's new location is 1
The category is Science
Science Question 3
Answer was corrent!!!!
Tylor now has 4 Gold Coins.
Jhon is the current player
They have rolled a 6
Jhon's new location is 3
The category is Rock
Rock Question 2
Answer was corrent!!!!
Jhon now has 4 Gold Coins.
Leandro is the current player
They have rolled a 2
Leandro's new location is 3
The category is Rock
Rock Question 3
Answer was corrent!!!!
Leandro now has 4 Gold Coins.
Tylor is the current player
They have rolled a 2
Tylor's new location is 3
The category is Rock
Rock Question 4
Question was incorrectly answered
Tylor was sent to the penalty box
Jhon is the current player
They have rolled a 3
Jhon's new location is 6
The category is Sports
Sports Question 2
Answer was corrent!!!!
Jhon now has 5 Gold Coins.
Leandro is the current player
They have rolled a 4
Leandro's new location is 7
The category is Rock
Rock Question 5
Answer was corrent!!!!
Leandro now has 5 Gold Coins.
Tylor is the current player
They have rolled a 1
Tylor is getting out of the penalty box
Tylor's new location is 4
The category is Pop
Pop Question 2
Answer was correct!!!!
Tylor now has 5 Gold Coins.
Jhon is the current player
They have rolled a 6
Jhon's new location is 0
The category is Pop
Pop Question 3
Answer was corrent!!!!
Jhon now has 6 Gold Coins.
